date:log_level:message
date:log_level:message
date:log_level:message
date:log_level:message
date:log_level:message
date:log_level:message
date:log_level:message
date:log_level:message
date:log_level:message
date:log_level:message
date:log_level:message
date:log_level:message
date:log_level:message
date:log_level:message
date:log_level:message2